
PROGRAM "C:\Documents and Settings\JOAOGOUVEIA\Meus documentos\7segmentosCounter\bin\Project.abs"

*********************************************************************************************
TARGET SECTION
---------------------------------------------------------------------------------------------
Processor   : Freescale HC08
Memory Model: SMALL
File Format : ELF\DWARF 2.0
Linker      : SmartLinker V-5.0.34 Build 8120, Apr 30 2008

*********************************************************************************************
FILE SECTION
---------------------------------------------------------------------------------------------
main.c.o                                Model: SMALL,         Lang: ANSI-C
RTSHC08.C.o (ansii.lib)                 Model: SMALL,         Lang: ANSI-C
MC68HC908QY4A.C.o                       Model: SMALL,         Lang: ANSI-C
Start08.c.o                             Model: SMALL,         Lang: ANSI-C

*********************************************************************************************
STARTUP SECTION
---------------------------------------------------------------------------------------------
Entry point: 0xEE8C (_Startup)
_startupData is allocated at 0xEE95 and uses 6 Bytes
extern struct _tagStartup {
  unsigned nofZeroOut     0
  _Copy    *toCopyDownBeg 0xEF46
} _startupData;

*********************************************************************************************
SECTION-ALLOCATION SECTION
Section Name                    Size  Type     From       To       Segment
---------------------------------------------------------------------------------------------
.init                            149     R     0xEE00     0xEE94   ROM
.startData                        10     R     0xEE95     0xEE9E   ROM
.text                            167     R     0xEE9F     0xEF45   ROM
.copy                              2     R     0xEF46     0xEF47   ROM
.abs_section_0                     1   N/I        0x0        0x0   .absSeg0
.abs_section_1                     1   N/I        0x1        0x1   .absSeg1
.abs_section_4                     1   N/I        0x4        0x4   .absSeg2
.abs_section_5                     1   N/I        0x5        0x5   .absSeg3
.abs_section_b                     1   N/I        0xB        0xB   .absSeg4
.abs_section_c                     1   N/I        0xC        0xC   .absSeg5
.abs_section_1a                    1   N/I       0x1A       0x1A   .absSeg6
.abs_section_1b                    1   N/I       0x1B       0x1B   .absSeg7
.abs_section_1c                    1   N/I       0x1C       0x1C   .absSeg8
.abs_section_1d                    1   N/I       0x1D       0x1D   .absSeg9
.abs_section_1e                    1   N/I       0x1E       0x1E   .absSeg10
.abs_section_1f                    1   N/I       0x1F       0x1F   .absSeg11
.abs_section_20                    1   N/I       0x20       0x20   .absSeg12
.abs_section_25                    1   N/I       0x25       0x25   .absSeg13
.abs_section_28                    1   N/I       0x28       0x28   .absSeg14
.abs_section_36                    1   N/I       0x36       0x36   .absSeg15
.abs_section_38                    1   N/I       0x38       0x38   .absSeg16
.abs_section_3c                    1   N/I       0x3C       0x3C   .absSeg17
.abs_section_3f                    1   N/I       0x3F       0x3F   .absSeg18
.abs_section_fe00                  1   N/I     0xFE00     0xFE00   .absSeg19
.abs_section_fe01                  1   N/I     0xFE01     0xFE01   .absSeg20
.abs_section_fe02                  1   N/I     0xFE02     0xFE02   .absSeg21
.abs_section_fe03                  1   N/I     0xFE03     0xFE03   .absSeg22
.abs_section_fe04                  1   N/I     0xFE04     0xFE04   .absSeg23
.abs_section_fe05                  1   N/I     0xFE05     0xFE05   .absSeg24
.abs_section_fe06                  1   N/I     0xFE06     0xFE06   .absSeg25
.abs_section_fe08                  1   N/I     0xFE08     0xFE08   .absSeg26
.abs_section_fe0b                  1   N/I     0xFE0B     0xFE0B   .absSeg27
.abs_section_fe0c                  1   N/I     0xFE0C     0xFE0C   .absSeg28
.abs_section_ffff                  1   N/I     0xFFFF     0xFFFF   .absSeg29
.abs_section_21                    2   N/I       0x21       0x22   .absSeg30
.abs_section_23                    2   N/I       0x23       0x24   .absSeg31
.abs_section_26                    2   N/I       0x26       0x27   .absSeg32
.abs_section_29                    2   N/I       0x29       0x2A   .absSeg33
.abs_section_3d                    2   N/I       0x3D       0x3E   .absSeg34
.abs_section_fe09                  2   N/I     0xFE09     0xFE0A   .absSeg35
.stack                            48   R/W       0x80       0xAF   Z_RAM
.vectSeg36_vect                    2     R     0xFFFE     0xFFFF   .vectSeg36

Summary of section sizes per section type:
READ_ONLY (R):         14A (dec:      330)
READ_WRITE (R/W):       30 (dec:       48)
NO_INIT (N/I):          2A (dec:       42)

*********************************************************************************************
VECTOR-ALLOCATION SECTION
    Address     InitValue   InitFunction
---------------------------------------------------------------------------------------------
     0xFFFE        0xEE8C   _Startup

*********************************************************************************************
OBJECT-ALLOCATION SECTION
     Name               Module                 Addr   hSize   dSize     Ref    Section   RLIB
---------------------------------------------------------------------------------------------
MODULE:                 -- main.c.o --
- PROCEDURES:
     main                                      EE9F      2B      43       1   .text       
     delay1s                                   EECA      10      16       1   .text       
     decTo7Seg                                 EEDA      48      72       1   .text       
- VARIABLES:
MODULE:                 -- RTSHC08.C.o (ansii.lib) --
- PROCEDURES:
     _Jump_Table_Header_Offset                 EF22      24      36       1   .text       
- VARIABLES:
MODULE:                 -- MC68HC908QY4A.C.o --
- PROCEDURES:
- VARIABLES:
     _PTA                                         0       1       1       0   .abs_section_0
     _PTB                                         1       1       1      10   .abs_section_1
     _DDRA                                        4       1       1       0   .abs_section_4
     _DDRB                                        5       1       1       1   .abs_section_5
     _PTAPUE                                      B       1       1       0   .abs_section_b
     _PTBPUE                                      C       1       1       0   .abs_section_c
     _KBSCR                                      1A       1       1       0   .abs_section_1a
     _KBIER                                      1B       1       1       0   .abs_section_1b
     _KBIPR                                      1C       1       1       0   .abs_section_1c
     _INTSCR                                     1D       1       1       0   .abs_section_1d
     _CONFIG2                                    1E       1       1       0   .abs_section_1e
     _CONFIG1                                    1F       1       1       1   .abs_section_1f
     _TSC                                        20       1       1       0   .abs_section_20
     _TSC0                                       25       1       1       0   .abs_section_25
     _TSC1                                       28       1       1       0   .abs_section_28
     _OSCSC                                      36       1       1       0   .abs_section_36
     _OSCTRIM                                    38       1       1       0   .abs_section_38
     _ADSCR                                      3C       1       1       0   .abs_section_3c
     _ADCLK                                      3F       1       1       0   .abs_section_3f
     _BSR                                      FE00       1       1       0   .abs_section_fe00
     _SRSR                                     FE01       1       1       0   .abs_section_fe01
     _BRKAR                                    FE02       1       1       0   .abs_section_fe02
     _BFCR                                     FE03       1       1       0   .abs_section_fe03
     _INT1                                     FE04       1       1       0   .abs_section_fe04
     _INT2                                     FE05       1       1       0   .abs_section_fe05
     _INT3                                     FE06       1       1       0   .abs_section_fe06
     _FLCR                                     FE08       1       1       0   .abs_section_fe08
     _BRKSCR                                   FE0B       1       1       0   .abs_section_fe0b
     _LVISR                                    FE0C       1       1       0   .abs_section_fe0c
     _COPCTL                                   FFFF       1       1       0   .abs_section_ffff
     _TCNT                                       21       2       2       0   .abs_section_21
     _TMOD                                       23       2       2       0   .abs_section_23
     _TCH0                                       26       2       2       0   .abs_section_26
     _TCH1                                       29       2       2       0   .abs_section_29
     _ADR                                        3D       2       2       0   .abs_section_3d
     _BRK                                      FE09       2       2       0   .abs_section_fe09
MODULE:                 -- Start08.c.o --
- PROCEDURES:
     loadByte                                  EE00      17      23       5   .init       
     Init                                      EE17      75     117       1   .init       
     _Startup                                  EE8C       9       9       0   .init       
- VARIABLES:
     _startupData                              EE95       6       6       6   .startData  
- LABELS:
     __SEG_END_SSTACK                            B0       0       0       1               

*********************************************************************************************
MODULE STATISTIC
  Name                                      Data   Code  Const
---------------------------------------------------------------------------------------------
  main.c.o                                     0    131      0
  RTSHC08.C.o (ansii.lib)                      0     36      0
  MC68HC908QY4A.C.o                           42      0      0
  Start08.c.o                                  0    149      0
  other                                       48     12      2

*********************************************************************************************
SECTION USE IN OBJECT-ALLOCATION SECTION
---------------------------------------------------------------------------------------------
SECTION: ".text"
  main delay1s decTo7Seg _Jump_Table_Header_Offset 
SECTION: ".init"
  loadByte Init _Startup 
SECTION: ".abs_section_0"
  _PTA 
SECTION: ".abs_section_1"
  _PTB 
SECTION: ".abs_section_4"
  _DDRA 
SECTION: ".abs_section_5"
  _DDRB 
SECTION: ".abs_section_b"
  _PTAPUE 
SECTION: ".abs_section_c"
  _PTBPUE 
SECTION: ".abs_section_1a"
  _KBSCR 
SECTION: ".abs_section_1b"
  _KBIER 
SECTION: ".abs_section_1c"
  _KBIPR 
SECTION: ".abs_section_1d"
  _INTSCR 
SECTION: ".abs_section_1e"
  _CONFIG2 
SECTION: ".abs_section_1f"
  _CONFIG1 
SECTION: ".abs_section_20"
  _TSC 
SECTION: ".abs_section_25"
  _TSC0 
SECTION: ".abs_section_28"
  _TSC1 
SECTION: ".abs_section_36"
  _OSCSC 
SECTION: ".abs_section_38"
  _OSCTRIM 
SECTION: ".abs_section_3c"
  _ADSCR 
SECTION: ".abs_section_3f"
  _ADCLK 
SECTION: ".abs_section_fe00"
  _BSR 
SECTION: ".abs_section_fe01"
  _SRSR 
SECTION: ".abs_section_fe02"
  _BRKAR 
SECTION: ".abs_section_fe03"
  _BFCR 
SECTION: ".abs_section_fe04"
  _INT1 
SECTION: ".abs_section_fe05"
  _INT2 
SECTION: ".abs_section_fe06"
  _INT3 
SECTION: ".abs_section_fe08"
  _FLCR 
SECTION: ".abs_section_fe0b"
  _BRKSCR 
SECTION: ".abs_section_fe0c"
  _LVISR 
SECTION: ".abs_section_ffff"
  _COPCTL 
SECTION: ".abs_section_21"
  _TCNT 
SECTION: ".abs_section_23"
  _TMOD 
SECTION: ".abs_section_26"
  _TCH0 
SECTION: ".abs_section_29"
  _TCH1 
SECTION: ".abs_section_3d"
  _ADR 
SECTION: ".abs_section_fe09"
  _BRK 

*********************************************************************************************
OBJECT LIST SORTED BY ADDRESS
     Name                                      Addr   hSize   dSize     Ref    Section   RLIB
---------------------------------------------------------------------------------------------
     _PTA                                         0       1       1       0   .abs_section_0
     _PTB                                         1       1       1      10   .abs_section_1
     _DDRA                                        4       1       1       0   .abs_section_4
     _DDRB                                        5       1       1       1   .abs_section_5
     _PTAPUE                                      B       1       1       0   .abs_section_b
     _PTBPUE                                      C       1       1       0   .abs_section_c
     _KBSCR                                      1A       1       1       0   .abs_section_1a
     _KBIER                                      1B       1       1       0   .abs_section_1b
     _KBIPR                                      1C       1       1       0   .abs_section_1c
     _INTSCR                                     1D       1       1       0   .abs_section_1d
     _CONFIG2                                    1E       1       1       0   .abs_section_1e
     _CONFIG1                                    1F       1       1       1   .abs_section_1f
     _TSC                                        20       1       1       0   .abs_section_20
     _TCNT                                       21       2       2       0   .abs_section_21
     _TMOD                                       23       2       2       0   .abs_section_23
     _TSC0                                       25       1       1       0   .abs_section_25
     _TCH0                                       26       2       2       0   .abs_section_26
     _TSC1                                       28       1       1       0   .abs_section_28
     _TCH1                                       29       2       2       0   .abs_section_29
     _OSCSC                                      36       1       1       0   .abs_section_36
     _OSCTRIM                                    38       1       1       0   .abs_section_38
     _ADSCR                                      3C       1       1       0   .abs_section_3c
     _ADR                                        3D       2       2       0   .abs_section_3d
     _ADCLK                                      3F       1       1       0   .abs_section_3f
     loadByte                                  EE00      17      23       5   .init       
     Init                                      EE17      75     117       1   .init       
     _Startup                                  EE8C       9       9       0   .init       
     main                                      EE9F      2B      43       1   .text       
     delay1s                                   EECA      10      16       1   .text       
     decTo7Seg                                 EEDA      48      72       1   .text       
     _Jump_Table_Header_Offset                 EF22      24      36       1   .text       
     _BSR                                      FE00       1       1       0   .abs_section_fe00
     _SRSR                                     FE01       1       1       0   .abs_section_fe01
     _BRKAR                                    FE02       1       1       0   .abs_section_fe02
     _BFCR                                     FE03       1       1       0   .abs_section_fe03
     _INT1                                     FE04       1       1       0   .abs_section_fe04
     _INT2                                     FE05       1       1       0   .abs_section_fe05
     _INT3                                     FE06       1       1       0   .abs_section_fe06
     _FLCR                                     FE08       1       1       0   .abs_section_fe08
     _BRK                                      FE09       2       2       0   .abs_section_fe09
     _BRKSCR                                   FE0B       1       1       0   .abs_section_fe0b
     _LVISR                                    FE0C       1       1       0   .abs_section_fe0c
     _COPCTL                                   FFFF       1       1       0   .abs_section_ffff

*********************************************************************************************
UNUSED-OBJECTS SECTION
---------------------------------------------------------------------------------------------
NOT USED PROCEDURES
main.c.o:
  inicializaDisplay 
RTSHC08.C.o (ansii.lib):
  _PUSH_ARGS_L _PUSH_ARGS_D _ENTER_UNARY_L _ENTER_UNARY_L64 _ENTER_UNARY_L64_4 
  _ENTER_BINARY_L _ENTER_BINARY_L_RC _ENTER_BINARY_L_LC _ENTER_BINARY_L64 
  _ENTER_BINARY_L64_LC _ENTER_BINARY_L64_RC _IDIVMOD _SPLITSIGN 
  _LADD_k_is_k_plus_j _k_is_k_plus_j_l _k_is_k_plus_j_i _LSUB_k_is_k_minus_j 
  _LAND_k_is_k_and_j _LOR_k_is_k_or_j _LXOR_k_is_k_xor_j _LMUL_k_is_k_mul_j 
  _LDIVMOD _NEG_L_HX _ABS_L_HX _SPLITSIGN_L _LMODU_k_is_k_mod_j 
  _LDIVU_k_is_k_div_j _LMODS_k_is_k_mod_j _LDIVS_k_is_k_div_j _LCMP_k_rel_j 
  _BMULS _BDIVS _BMODS _IMUL _IDIVS _IDIVU _IMODS _IMODU _IDIVU_8 _IMODU_8 
  _IASR _ILSR _ILSL _ICMP _LINC _LDEC _LNEG _LNOT _LADD _LADD_RC _LSUB _LSUB_LC 
  _LSUB_RC _LAND _LAND_RC _LOR _LOR_RC _LXOR _LXOR_RC _LMUL _LMUL_RC _LDIVS 
  _LDIVS_LC _LDIVS_RC _LDIVU _LDIVU_LC _LDIVU_RC _LMODS _LMODS_LC _LMODS_RC 
  _LMODU _LMODU_LC _LMODU_RC _LASR _LLSR _LLSL _LCMP _LCMP_RC _COPY _COPY_L 
  _POP32 _POP64 _STORE32 _STORE64 _SEXT8_32 _SEXT16_32 _CALL _Jump_Table_Addr 
  _Jump_Table_Offset _Jump_Table_Header_Addr _Search_Table_16_Addr 
  _Search_Table_16_Offset _Search_Table_8_Addr _Search_Table_8_Offset _PUSH_CC 
  _POP_CC _CONV_FAR_TO_NEAR _CONV_FAR_TO_LINEAR _CONV_LINEAR_TO_FAR 
NOT USED VARIABLES
RTSHC08.C.o (ansii.lib):
  _PowOfTwo_8 _PowOfTwo_16 _PowOfTwo_32 errno 

*********************************************************************************************
COPYDOWN SECTION
---------------------------------------------------------------------------------------------
------- ROM-ADDRESS: 0xEF46 ---- SIZE       2 ---
Filling bytes inserted
 0000

*********************************************************************************************
OBJECT-DEPENDENCIES SECTION
---------------------------------------------------------------------------------------------
Init                      USES _startupData loadByte 
_Startup                  USES __SEG_END_SSTACK Init main 
main                      USES _CONFIG1 _DDRB decTo7Seg delay1s 
decTo7Seg                 USES _Jump_Table_Header_Offset _PTB 

*********************************************************************************************
DEPENDENCY TREE
*********************************************************************************************
 main and _Startup Group
 | 
 +- main                
 |  | 
 |  +- decTo7Seg           
 |  |  | 
 |  |  +- _Jump_Table_Header_Offset
 |  |       
 |  +- delay1s             
 |       
 +- _Startup            
    | 
    +- Init                
    |  | 
    |  +- loadByte            
    |       
    +- main                 (see above)
       
*********************************************************************************************
STATISTIC SECTION
---------------------------------------------------------------------------------------------

ExeFile:
--------
Number of blocks to be downloaded: 5
Total size of all blocks to be downloaded: 330

